******************************************************************************
               TMS320C6x Linker PC v7.4.14                     
******************************************************************************
>> Linked Thu Jul 06 14:32:38 2017

OUTPUT FILE NAME:   <TI_LCDK_PitchShifter.out>
ENTRY POINT SYMBOL: "_c_int00"  address: 11810400


MEMORY CONFIGURATION

         name            origin    length      used     unused   attr    fill
----------------------  --------  ---------  --------  --------  ----  --------
  VECTORS               11800000   00000200  00000200  00000000  RWIX
  DSPRAM                11800200   0003fe00  0001091c  0002f4e4  RWIX
  SHAREDRAM             80000000   00020000  00000000  00020000  RWIX
  SDRAM                 c0000000   08000000  00000000  08000000  RWIX


SECTION ALLOCATION MAP

 output                                  attributes/
section   page    origin      length       input sections
--------  ----  ----------  ----------   ----------------
vectors    0    11800000    00000200     
                  11800000    00000200     vectors.obj (vectors)

.far       0    11800200    0000e894     UNINITIALIZED
                  11800200    0000e880     main.obj (.far)
                  1180ea80    0000000c     rts6740.lib : exit.obj (.far)
                  1180ea8c    00000008     ISRs.obj (.far)

.text      0    1180eaa0    00001ac0     
                  1180eaa0    00000dc0     LCDK_Support_DSP.obj (.text)
                  1180f860    000006e0     ISRs.obj (.text:retain)
                  1180ff40    00000140     main.obj (.text)
                  11810080    000000c0     rts6740.lib : autoinit.obj (.text:__auto_init)
                  11810140    000000c0                 : divu.obj (.text:__divu)
                  11810200    000000c0                 : exit.obj (.text:_exit)
                  118102c0    000000a0                 : cpy_tbl.obj (.text:_copy_in)
                  11810360    000000a0                 : memcpy64.obj (.text:_memcpy)
                  11810400    00000080                 : boot.obj (.text:_c_int00)
                  11810480    00000060                 : cpp_init.obj (.text:___TI_cpp_init)
                  118104e0    00000040                 : args_main.obj (.text:__args_main)
                  11810520    00000020     StartUp.obj (.text)
                  11810540    00000020     rts6740.lib : exit.obj (.text:_abort)

.stack     0    11810560    00000400     UNINITIALIZED
                  11810560    00000008     rts6740.lib : boot.obj (.stack)
                  11810568    000003f8     --HOLE--

.cinit     0    11810960    00000154     
                  11810960    000000ca     main.obj (.cinit)
                  11810a2a    00000006     --HOLE-- [fill = 0]
                  11810a30    0000003a     ISRs.obj (.cinit)
                  11810a6a    00000006     --HOLE-- [fill = 0]
                  11810a70    0000002c     rts6740.lib : exit.obj (.cinit)
                  11810a9c    00000004     --HOLE-- [fill = 0]
                  11810aa0    0000000c     LCDK_Support_DSP.obj (.cinit)
                  11810aac    00000004     --HOLE-- [fill = 0]
                  11810ab0    00000004     (.pad.cinit) [fill = 0]

.bss       0    11810ab8    0000005c     UNINITIALIZED
                  11810ab8    0000004c     main.obj (.bss)
                  11810b04    0000000c     ISRs.obj (.bss)
                  11810b10    00000004     LCDK_Support_DSP.obj (.bss)

.switch    0    11810b14    00000018     
                  11810b14    00000018     LCDK_Support_DSP.obj (.switch:_SetSampleRate_AIC3106)


GLOBAL SYMBOLS: SORTED ALPHABETICALLY BY Name 

address    name
--------   ----
11810ab8   $bss
11810ab8   .bss
1180eaa0   .text
11810540   C$$EXIT
1180f18c   _AIC3106_write_reg
1180ef14   _CheckForOverrun
1180ea8c   _CodecDataIn
1180ea90   _CodecDataOut
1180f860   _Codec_ISR
1180eaa8   _DSP_Init
1180eac8   _DSP_Init_EDMA
1180ecac   _EnableInterrupts
1180ecf8   _EnableInterrupts_EDMA
11810af4   _GUI_Out
11810af8   _GUI_Out_Input
1180eaa0   _GetSampleFreq
1180ec44   _InitDigitalOutputs
1180eae8   _InitLEDs
1180ef44   _Init_AIC3106
1180ed6c   _Init_I2C
1180ec68   _Init_Interrupts
1180ece8   _Init_Interrupts_EDMA
1180f338   _Init_McASP0
1180f6c8   _Init_UART2
1180f808   _IsDataReady_UART2
1180f82c   _IsTxReady_UART2
1180f7a8   _Puts_UART2
1180eecc   _ReadCodecData
1180ec2c   _ReadSwitches
1180f7e8   _Read_UART2
1180f1c8   _Reset_AIC3106
1180edc8   _Reset_I2C
1180f1f0   _SetSampleRate_AIC3106
11810520   _StartUp
1180eef0   _WriteCodecData
1180ec50   _WriteDigitalOutputs
1180eb48   _WriteLEDs
1180ede8   _Write_I2C
1180f780   _Write_UART2
11810960   __STACK_END
00000400   __STACK_SIZE
00000001   __TI_args_main
11810480   ___TI_cpp_init
1180ea88   ___TI_enable_exit_profile_output
ffffffff   ___TI_pprof_out_hndl
ffffffff   ___TI_prof_data_size
ffffffff   ___TI_prof_data_start
ffffffff   ___binit__
11810ab8   ___bss__
ffffffff   ___c_args__
11810960   ___cinit__
11810b14   ___end__
11810560   ___etext__
ffffffff   ___pinit__
1180eaa0   ___text__
118104e0   __args_main
11810080   __auto_init
11810140   __c6xabi_divu
1180ea80   __cleanup_ptr
11810140   __divu
1180ea84   __dtors_ptr
11810560   __stack
11810540   _abort
11800200   _audioBuffer
11810afc   _bufferSize
11810400   _c_int00
118102c0   _copy_in
11810ad0   _decay
11810b04   _delayIdxA
11810b08   _delayIdxB
11810aec   _delayStep
11810aee   _delayValA
11810af0   _delayValB
11810b0c   _downCount
11810200   _exit
11810b0e   _gainIdx
11810ac8   _gainSlope
1180bd80   _gainVector
11810ae8   _ii
11810ad8   _inputGain
1180ff40   _main
11810360   _memcpy
11810ab8   _outGainA
11810ac0   _outGainB
11810b00   _output
11810ae0   _outputGain
11810b02   _switchState
1180ed38   _wait
ffffffff   binit
11810960   cinit
11810b14   end
11810560   etext
ffffffff   pinit


GLOBAL SYMBOLS: SORTED BY Symbol Address 

address    name
--------   ----
00000001   __TI_args_main
00000400   __STACK_SIZE
11800200   _audioBuffer
1180bd80   _gainVector
1180ea80   __cleanup_ptr
1180ea84   __dtors_ptr
1180ea88   ___TI_enable_exit_profile_output
1180ea8c   _CodecDataIn
1180ea90   _CodecDataOut
1180eaa0   .text
1180eaa0   _GetSampleFreq
1180eaa0   ___text__
1180eaa8   _DSP_Init
1180eac8   _DSP_Init_EDMA
1180eae8   _InitLEDs
1180eb48   _WriteLEDs
1180ec2c   _ReadSwitches
1180ec44   _InitDigitalOutputs
1180ec50   _WriteDigitalOutputs
1180ec68   _Init_Interrupts
1180ecac   _EnableInterrupts
1180ece8   _Init_Interrupts_EDMA
1180ecf8   _EnableInterrupts_EDMA
1180ed38   _wait
1180ed6c   _Init_I2C
1180edc8   _Reset_I2C
1180ede8   _Write_I2C
1180eecc   _ReadCodecData
1180eef0   _WriteCodecData
1180ef14   _CheckForOverrun
1180ef44   _Init_AIC3106
1180f18c   _AIC3106_write_reg
1180f1c8   _Reset_AIC3106
1180f1f0   _SetSampleRate_AIC3106
1180f338   _Init_McASP0
1180f6c8   _Init_UART2
1180f780   _Write_UART2
1180f7a8   _Puts_UART2
1180f7e8   _Read_UART2
1180f808   _IsDataReady_UART2
1180f82c   _IsTxReady_UART2
1180f860   _Codec_ISR
1180ff40   _main
11810080   __auto_init
11810140   __c6xabi_divu
11810140   __divu
11810200   _exit
118102c0   _copy_in
11810360   _memcpy
11810400   _c_int00
11810480   ___TI_cpp_init
118104e0   __args_main
11810520   _StartUp
11810540   C$$EXIT
11810540   _abort
11810560   ___etext__
11810560   __stack
11810560   etext
11810960   __STACK_END
11810960   ___cinit__
11810960   cinit
11810ab8   $bss
11810ab8   .bss
11810ab8   ___bss__
11810ab8   _outGainA
11810ac0   _outGainB
11810ac8   _gainSlope
11810ad0   _decay
11810ad8   _inputGain
11810ae0   _outputGain
11810ae8   _ii
11810aec   _delayStep
11810aee   _delayValA
11810af0   _delayValB
11810af4   _GUI_Out
11810af8   _GUI_Out_Input
11810afc   _bufferSize
11810b00   _output
11810b02   _switchState
11810b04   _delayIdxA
11810b08   _delayIdxB
11810b0c   _downCount
11810b0e   _gainIdx
11810b14   ___end__
11810b14   end
ffffffff   ___TI_pprof_out_hndl
ffffffff   ___TI_prof_data_size
ffffffff   ___TI_prof_data_start
ffffffff   ___binit__
ffffffff   ___c_args__
ffffffff   ___pinit__
ffffffff   binit
ffffffff   pinit

[93 symbols]
